<!DOCTYPE html>
<html lang="en">
<head>
<title>BAA Â· Paradox Test</title>
<meta name="description" content="Paradox Test"/>
</head>
<body>
<a href="../../">base</a>
<a href="../../a.html">A</a>
0.1-SNAPSHOT
<ul>
  <li><a href="https://abc.xyz/">Alphabet</a></li>
  <li><a href="https://www.google.com">Google</a></li>
  <li><a href="../../a.html">A</a></li>
  <li><a href="../../b/a.html">BA</a></li>
  <li>BAA</li>
</ul>
<ul>
  <li><a href="../../a/a.html" class="page">AA</a>
  <ul>
    <li><a href="../../a/b.html" class="page">AB</a></li>
    <li><a href="../../a/c.html" class="page">AC</a></li>
  </ul></li>
  <li><a href="../../b/a.html" class="page">BA</a>
  <ul>
    <li><a href="../../b/a/a.html" class="active page">BAA</a></li>
    <li><a href="../../b/b.html" class="page">BB</a></li>
  </ul></li>
  <li><a href="../../c/a.html" class="page">CA</a></li>
</ul>
<a href="../../b/a.html">BA</a>
<a href="../../b/b.html">BB</a>
<h1><a href="#baa" name="baa" class="anchor"><span class="anchor-link"></span></a>BAA</h1>
<p>This is the &ldquo;BAA&rdquo; page.</p>
<h2><a href="#baa2" name="baa2" class="anchor"><span class="anchor-link"></span></a>BAA2</h2>
<ul>
  <li><a href="../a.html">b/a</a></li>
  <li><a href="../../a/a.html">a/a</a></li>
  <li><a href="a.html#baa3">BAA3</a></li>
</ul>
<h2><a href="#baa3" name="baa3" class="anchor"><span class="anchor-link"></span></a>BAA3</h2>
</body>
</html>
