<h1><a href="#main" name="main" class="anchor"><span class="anchor-link"></span></a>Main</h1>
<p>go to <a href="commonFirst.html">commonFirst</a></p>
<p>go to <a href="commonFirstDir/commonFirstFile.html">sub-commonFirst</a></p>