<p><a href="https://github.com/lightbend/paradox/tree/master/docs/src/test/scala/GitHub.scala#L2-L19">multiple</a></p>
<p><a href="https://github.com/lightbend/paradox/tree/master/docs/src/test/scala/GitHub.scala#L2-L19">multiple</a></p>
<p><a href="https://github.com/lightbend/paradox/tree/master/docs/src/test/scala/GitHub.scala#L2-L19">absolute</a></p>
<p><a href="https://github.com/lightbend/paradox/tree/master/docs/src/test/scala/GitHub.scala#L2-L19">relative</a></p>
<p><a href="https://github.com/lightbend/paradox/tree/master/docs/src/test/scala/GitHub.scala#L4">single</a></p>
<p><a href="https://github.com/lightbend/paradox/tree/master/docs/src/test/scala/GitHub.scala#L4">single</a></p>
<p><a href="https://github.com/lightbend/paradox/tree/master/docs/src/test/scala/GitHub.scala#L4">absolute</a></p>
<p><a href="https://github.com/lightbend/paradox/tree/master/docs/src/test/scala/GitHub.scala#L4">relative</a></p>
<p><a href="https://github.com/lightbend/paradox/tree/master/docs/src/test/scala/GitHub.scala#L12-L17">single</a></p>
<p><a href="https://github.com/lightbend/paradox/tree/master/docs/src/test/scala/GitHub.scala#L12-L17">single</a></p>
<p><a href="https://github.com/lightbend/paradox/tree/master/docs/src/test/scala/GitHub.scala#L12-L17">absolute</a></p>
<p><a href="https://github.com/lightbend/paradox/tree/master/docs/src/test/scala/GitHub.scala#L12-L17">relative</a></p>
