<p>Issue <a href="https://github.com/lightbend/paradox/issues/1">#1</a> was fixed in commit <a href="https://github.com/lightbend/paradox/commit/83986f9">83986f9</a>.</p>
<p>PR <a href="https://github.com/akka/akka-http/issues/292">#292</a> merged in <a href="https://github.com/akka/akka-http/commit/cbbc99465d90c8c08aada353b767a21a51454cc0">cbbc994</a>.</p>
<p>See <a href="https://github.com/lightbend/paradox/tree/v0.1.0/core/src/main/scala/com/lightbend/paradox/ParadoxProcessor.scala">ParadoxProcessor.scala</a> and <a href="https://github.com/lightbend/paradox/tree/v0.1.0/docs/index.png">index.png</a>.</p>
