<p><a href="http://doc.akka.io/japi/akka/2.4.10/?akka/actor/Actor.html" title="akka.actor.Actor">Actor</a></p>
<p><a href="http://doc.akka.io/japi/akka-http/10.0.0/?akka/http/javadsl/Http.html#shutdownAllConnectionPools--" title="akka.http.javadsl.Http">Http</a></p>
<p><a href="https://api.example.com/java/?org/example/Server.html" title="org.example.Server">Server</a></p>
