<p>Use a <a href="http://www.scala-lang.org/api/2.11.12/scala/concurrent/Future.html" title="scala.concurrent.Future">Future</a> to avoid that long running operations block the <a href="http://doc.akka.io/api/akka/2.4.10/akka/actor/Actor.html" title="akka.actor.Actor">Actor</a>.</p>
<p><a href="http://doc.akka.io/api/akka-http/10.0.0/akka/http/scaladsl/Http$.html" title="akka.http.scaladsl.Http">Http</a></p>
<p><a href="https://example.org/api/0.1.0/org/example/Server.html#start():Unit" title="org.example.Server">Server#start</a></p>
