<!DOCTYPE html>
<html lang="en">
<head>
<title>A Â· Paradox Test</title>
<meta name="description" content="Paradox Test"/>
</head>
<body>
<a href="">base</a>
<a href="a.html" class="active">A</a>
0.1-SNAPSHOT
<ul>
  <li><a href="https://abc.xyz/">Alphabet</a></li>
  <li><a href="https://www.google.com">Google</a></li>
  <li>A</li>
</ul>
<ul>
  <li><a href="a/a.html" class="page">AA</a>
  <ul>
    <li><a href="a/b.html" class="page">AB</a></li>
    <li><a href="a/c.html" class="page">AC</a></li>
  </ul></li>
  <li><a href="b/a.html" class="page">BA</a>
  <ul>
    <li><a href="b/a/a.html" class="page">BAA</a></li>
    <li><a href="b/b.html" class="page">BB</a></li>
  </ul></li>
  <li><a href="c/a.html" class="page">CA</a></li>
</ul>
<a href="a/a.html">AA</a>
<h1><a href="#a" name="a" class="anchor"><span class="anchor-link"></span></a>A</h1>
<p>This is &ldquo;A&rdquo; site.</p>
<p>Version is 0.1-SNAPSHOT.</p>
<p>Next is the TOC.</p>
<div class="toc ">
<ul>
  <li><a href="a/a.html" class="page">AA</a>
  <ul>
    <li><a href="a/a.html#aa2" class="header">AA2</a>
    <ul>
      <li><a href="a/a.html#aa3" class="header">AA3</a></li>
    </ul></li>
    <li><a href="a/b.html" class="page">AB</a>
    <ul>
      <li><a href="a/b.html#ab2" class="header">AB2</a></li>
      <li><a href="a/b.html#ab3" class="header">AB3</a>
      <ul>
        <li><a href="a/b.html#ab4" class="header">AB4</a></li>
      </ul></li>
    </ul></li>
    <li><a href="a/c.html" class="page">AC</a>
    <ul>
      <li><a href="a/c.html#ac2" class="header">AC2</a></li>
    </ul></li>
  </ul></li>
  <li><a href="b/a.html" class="page">BA</a>
  <ul>
    <li><a href="b/a/a.html" class="page">BAA</a>
    <ul>
      <li><a href="b/a/a.html#baa2" class="header">BAA2</a></li>
      <li><a href="b/a/a.html#baa3" class="header">BAA3</a></li>
    </ul></li>
    <li><a href="b/b.html" class="page">BB</a>
    <ul>
      <li><a href="b/b.html#bb2" class="header">BB2</a>
      <ul>
        <li><a href="b/b.html#bb3" class="header">BB3</a></li>
      </ul></li>
      <li><a href="b/b.html#bb4" class="header">BB4</a></li>
    </ul></li>
  </ul></li>
  <li><a href="c/a.html" class="page">CA</a></li>
</ul>
</div>
<p>Followed by the index of a select number of pages.</p>
</body>
</html>
