<h1><a href="#sub-main" name="sub-main" class="anchor"><span class="anchor-link"></span></a>Sub-main</h1>
<p>go to <a href="../commonFirst.html">commonFirst</a></p>
<p>go to <a href="../commonFirstDir/commonFirstFile.html">sub-commonFirst</a></p>