<pre class="prettyprint"><code class="language-conf"># This should be included
#and this as well

snippets {
  # this snip is a snap
  snip = &quot;snap&quot;
}</code></pre>
<!-- -->
<pre class="prettyprint"><code class="language-conf"># this snip is a snap
snip = &quot;snap&quot;</code></pre>
