<!DOCTYPE html>
<html lang="en">
<head>
<title>AA Â· Paradox Test</title>
<meta name="description" content="Paradox Test"/>
</head>
<body>
<a href="../">base</a>
<a href="../a.html">A</a>
0.1-SNAPSHOT
<ul>
  <li><a href="https://abc.xyz/">Alphabet</a></li>
  <li><a href="https://www.google.com">Google</a></li>
  <li><a href="../a.html">A</a></li>
  <li>AA</li>
</ul>
<ul>
  <li><a href="../a/a.html" class="active page">AA</a>
  <ul>
    <li><a href="../a/b.html" class="page">AB</a></li>
    <li><a href="../a/c.html" class="page">AC</a></li>
  </ul></li>
  <li><a href="../b/a.html" class="page">BA</a>
  <ul>
    <li><a href="../b/a/a.html" class="page">BAA</a></li>
    <li><a href="../b/b.html" class="page">BB</a></li>
  </ul></li>
  <li><a href="../c/a.html" class="page">CA</a></li>
</ul>
<a href="../a.html">A</a>
<a href="../a/b.html">AB</a>
<h1><a href="#aa" name="aa" class="anchor"><span class="anchor-link"></span></a>AA</h1>
<p>This is the &ldquo;AA&rdquo; page.</p>
<p>But perhaps you&rsquo;re looking for the &ldquo;BB&rdquo; page. Here&rsquo;s a link to that:</p>
<p><a href="../b/b.html">bb</a></p>
<p>See the index below for other pages in the &ldquo;A&rdquo; section:</p>
<h2><a href="#aa2" name="aa2" class="anchor"><span class="anchor-link"></span></a>AA2</h2>
<h3><a href="#aa3" name="aa3" class="anchor"><span class="anchor-link"></span></a>AA3</h3>
</body>
</html>
