<!DOCTYPE html>
<html lang="en">
<head>
<title>AB Â· Paradox Test</title>
<meta name="description" content="Paradox Test"/>
</head>
<body>
<a href="../">base</a>
<a href="../a.html">A</a>
0.1-SNAPSHOT
<ul>
  <li><a href="https://abc.xyz/">Alphabet</a></li>
  <li><a href="https://www.google.com">Google</a></li>
  <li><a href="../a.html">A</a></li>
  <li><a href="../a/a.html">AA</a></li>
  <li>AB</li>
</ul>
<ul>
  <li><a href="../a/a.html" class="page">AA</a>
  <ul>
    <li><a href="../a/b.html" class="active page">AB</a></li>
    <li><a href="../a/c.html" class="page">AC</a></li>
  </ul></li>
  <li><a href="../b/a.html" class="page">BA</a>
  <ul>
    <li><a href="../b/a/a.html" class="page">BAA</a></li>
    <li><a href="../b/b.html" class="page">BB</a></li>
  </ul></li>
  <li><a href="../c/a.html" class="page">CA</a></li>
</ul>
<a href="../a/a.html">AA</a>
<a href="../a/c.html">AC</a>
<h1><a href="#ab" name="ab" class="anchor"><span class="anchor-link"></span></a>AB</h1>
<p>This is the &ldquo;AB&rdquo; page.</p>
<h2><a href="#ab2" name="ab2" class="anchor"><span class="anchor-link"></span></a>AB2</h2>
<h2><a href="#ab3" name="ab3" class="anchor"><span class="anchor-link"></span></a>AB3</h2>
<h3><a href="#ab4" name="ab4" class="anchor"><span class="anchor-link"></span></a>AB4</h3>
</body>
</html>
