<!DOCTYPE html>
<html lang="en">
<head>
<title>AC Â· Paradox Test</title>
<meta name="description" content="Paradox Test"/>
</head>
<body>
<a href="../">base</a>
<a href="../a.html">A</a>
0.1-SNAPSHOT
<ul>
  <li><a href="https://abc.xyz/">Alphabet</a></li>
  <li><a href="https://www.google.com">Google</a></li>
  <li><a href="../a.html">A</a></li>
  <li><a href="../a/a.html">AA</a></li>
  <li>AC</li>
</ul>
<ul>
  <li><a href="../a/a.html" class="page">AA</a>
  <ul>
    <li><a href="../a/b.html" class="page">AB</a></li>
    <li><a href="../a/c.html" class="active page">AC</a></li>
  </ul></li>
  <li><a href="../b/a.html" class="page">BA</a>
  <ul>
    <li><a href="../b/a/a.html" class="page">BAA</a></li>
    <li><a href="../b/b.html" class="page">BB</a></li>
  </ul></li>
  <li><a href="../c/a.html" class="page">CA</a></li>
</ul>
<a href="../a/b.html">AB</a>
<a href="../b/a.html">BA</a>
<h1><a href="#ac" name="ac" class="anchor"><span class="anchor-link"></span></a>AC</h1>
<p>This is the &ldquo;AC&rdquo; page.</p>
<h2><a href="#ac2" name="ac2" class="anchor"><span class="anchor-link"></span></a>AC2</h2>
</body>
</html>
