<p>Index page</p>
<div class="toc ">
<ul>
  <li><a href="generated-page.html" class="page">generated-page.html</a></li>
  <li><a href="generated/page.html" class="page">generated/page.html</a></li>
</ul>
</div>
