<!DOCTYPE html>
<html lang="en">
<head>
<title>BA Â· Paradox Test</title>
<meta name="description" content="Paradox Test"/>
</head>
<body>
<a href="../">base</a>
<a href="../a.html">A</a>
0.1-SNAPSHOT
<ul>
  <li><a href="https://abc.xyz/">Alphabet</a></li>
  <li><a href="https://www.google.com">Google</a></li>
  <li><a href="../a.html">A</a></li>
  <li>BA</li>
</ul>
<ul>
  <li><a href="../a/a.html" class="page">AA</a>
  <ul>
    <li><a href="../a/b.html" class="page">AB</a></li>
    <li><a href="../a/c.html" class="page">AC</a></li>
  </ul></li>
  <li><a href="../b/a.html" class="active page">BA</a>
  <ul>
    <li><a href="../b/a/a.html" class="page">BAA</a></li>
    <li><a href="../b/b.html" class="page">BB</a></li>
  </ul></li>
  <li><a href="../c/a.html" class="page">CA</a></li>
</ul>
<a href="../a/c.html">AC</a>
<a href="../b/a/a.html">BAA</a>
<h1><a href="#ba" name="ba" class="anchor"><span class="anchor-link"></span></a>BA</h1>
<p>This is the &ldquo;BA&rdquo; page.</p>
<p>See the index below for other pages in the &ldquo;B&rdquo; section:</p>
</body>
</html>
