<!DOCTYPE html>
<html lang="en">
<head>
<title>BB Â· Paradox Test</title>
<meta name="description" content="Paradox Test"/>
</head>
<body>
<a href="../">base</a>
<a href="../a.html">A</a>
0.1-SNAPSHOT
<ul>
  <li><a href="https://abc.xyz/">Alphabet</a></li>
  <li><a href="https://www.google.com">Google</a></li>
  <li><a href="../a.html">A</a></li>
  <li><a href="../b/a.html">BA</a></li>
  <li>BB</li>
</ul>
<ul>
  <li><a href="../a/a.html" class="page">AA</a>
  <ul>
    <li><a href="../a/b.html" class="page">AB</a></li>
    <li><a href="../a/c.html" class="page">AC</a></li>
  </ul></li>
  <li><a href="../b/a.html" class="page">BA</a>
  <ul>
    <li><a href="../b/a/a.html" class="page">BAA</a></li>
    <li><a href="../b/b.html" class="active page">BB</a></li>
  </ul></li>
  <li><a href="../c/a.html" class="page">CA</a></li>
</ul>
<a href="../b/a/a.html">BAA</a>
<a href="../c/a.html">CA</a>
<h1><a href="#bb" name="bb" class="anchor"><span class="anchor-link"></span></a>BB</h1>
<p>This is the &ldquo;BB&rdquo; page.</p>
<h2><a href="#bb2" name="bb2" class="anchor"><span class="anchor-link"></span></a>BB2</h2>
<pre class="prettyprint"><code class="language-scala">val bb2 = Seq(&quot;b&quot; * 2, 2).mkString
</code></pre>
<h3><a href="#bb3" name="bb3" class="anchor"><span class="anchor-link"></span></a>BB3</h3>
<pre class="prettyprint"><code class="language-xml">&lt;bb3&gt;42&lt;/bb3&gt;
</code></pre>
<h2><a href="#bb4" name="bb4" class="anchor"><span class="anchor-link"></span></a>BB4</h2>
<pre><code>curl https://financialcryptography.com # uses cacert.org as a CA
</code></pre>
</body>
</html>
